[kichibase.com/index.html]
[backblue.gif]
[fade.gif]
[index.html]
[kichibase.com/font/kanitlight.ttf]
[kichibase.com/font/gmod.ttf]
[kichibase.com/favicon-32x32c7c4.png]
[kichibase.com/manifest.webmanifest]
[kichibase.com/icons/icon-48x48c7c4.png]
[kichibase.com/icons/icon-72x72c7c4.png]
[kichibase.com/icons/icon-96x96c7c4.png]
[kichibase.com/icons/icon-144x144c7c4.png]
[kichibase.com/icons/icon-192x192c7c4.png]
[kichibase.com/icons/icon-256x256c7c4.png]
[kichibase.com/icons/icon-384x384c7c4.png]
[kichibase.com/icons/icon-512x512c7c4.png]
[static.wikia.nocookie.net/evade-nextbot/images/c/c1/ElGato_transparent.png_; filename_=UTF-8''ElGato_transparent.png]
[media.tenor.com/0okJBma33jEAAAAi/cat-meme.gif]
[media.tenor.com/FYsjyvi3C7kAAAAi/rupert-cat.gif]
[media.tenor.com/fVoHRPRIetUAAAAi/chipi-chipi-chapa-chapa-chipi.gif]
[media.tenor.com/42BnOO-Q6hsAAAAi/cat-funny.gif]
[media.tenor.com/nsGNQy4ZMjEAAAAi/gato-guitarra.gif]
[media.tenor.com/sWCbSkkLG-gAAAAi/funny-cat.gif]
[kichibase.com/img/gatohq.png]
[raw.githubusercontent.com/ST4RDUST8299/mywebassets/master/kichi/body/0.png]
[raw.githubusercontent.com/ST4RDUST8299/mywebassets/master/kichi/hat/0.png]
[raw.githubusercontent.com/ST4RDUST8299/mywebassets/master/kichi/acc/0.png]
[kichibase.com/webpack-runtime-983a331b5ce8db986abc.js]
[kichibase.com/framework-c3267491ab989bc79016.js]
[kichibase.com/index.html]
[kichibase.com/app-39bba8ebc58cac1201bb.js]
